// Jest Snapshot v1, https://goo.gl/fbAQLP

exports[`renderHtmlDocument does not render module styles if \`rendering.disableStyles\` is active nor does it match any links 1`] = `"<!DOCTYPE html><html lang=\\"en-US\\"><head><title>One App</title></head><body><div id=\\"root\\"></div><script id=\\"initial-state\\">window.__render_mode__ = 'hydrate';window.__webpack_public_path__ = '/_/static/app/1.2.3-rc.4-abc123/';window.__holocron_module_bundle_type__ = 'browser';window.__CLIENT_HOLOCRON_MODULE_MAP__ = {\\"modules\\":{\\"test-root\\":{\\"baseUrl\\":\\"https://example.com/cdn/test-root/2.2.2/\\",\\"browser\\":{\\"url\\":\\"https://example.com/cdn/test-root/2.2.2/test-root.browser.js\\",\\"integrity\\":\\"test-root-abc-123-browser\\"}},\\"a\\":{\\"baseUrl\\":\\"https://example.com/cdn/a/2.1.0/\\",\\"browser\\":{\\"url\\":\\"https://example.com/cdn/a/2.1.0/a.browser.js\\",\\"integrity\\":\\"a-abc-123-browser\\"}},\\"b\\":{\\"baseUrl\\":\\"https://example.com/cdn/b/1.2.2/\\",\\"browser\\":{\\"url\\":\\"https://example.com/cdn/b/1.2.2/b.browser.js\\",\\"integrity\\":\\"b-abc-123-browser\\"}},\\"c\\":{\\"baseUrl\\":\\"https://example.com/cdn/c/0.1.2/\\",\\"browser\\":{\\"url\\":\\"https://example.com/cdn/c/0.1.2/c.browser.js\\",\\"integrity\\":\\"c-abc-123-browser\\"}}},\\"clientCacheRevision\\":\\"123\\"};window.__INITIAL_STATE__ = \\"[\\\\\\"~#iM\\\\\\",[\\\\\\"config\\\\\\",[\\\\\\"^0\\\\\\",[\\\\\\"rootModuleName\\\\\\",\\\\\\"test-root\\\\\\",\\\\\\"cdnUrl\\\\\\",\\\\\\"/_/static\\\\\\"]],\\\\\\"intl\\\\\\",[\\\\\\"^0\\\\\\",[\\\\\\"activeLocale\\\\\\",\\\\\\"en-US\\\\\\"]],\\\\\\"holocron\\\\\\",[\\\\\\"^0\\\\\\",[\\\\\\"loaded\\\\\\",[\\\\\\"~#iL\\\\\\",[\\\\\\"test-root\\\\\\",\\\\\\"a\\\\\\",\\\\\\"b\\\\\\",\\\\\\"c\\\\\\"]]]],\\\\\\"rendering\\\\\\",[\\\\\\"^0\\\\\\",[\\\\\\"disableStyles\\\\\\",true,\\\\\\"disableScripts\\\\\\",false]]]]\\";</script><script src=\\"/_/static/app/1.2.3-rc.4-abc123/runtime.js\\" integrity=\\"789\\" crossorigin=\\"anonymous\\"></script><script src=\\"/_/static/app/1.2.3-rc.4-abc123/vendors.js\\" integrity=\\"101112\\" crossorigin=\\"anonymous\\"></script><script src=\\"/_/static/app/1.2.3-rc.4-abc123/app~vendors.js\\" integrity=\\"456\\" crossorigin=\\"anonymous\\"></script><script src=\\"/_/static/app/1.2.3-rc.4-abc123/i18n/en-US.js\\" crossorigin=\\"anonymous\\"></script><script src=\\"https://example.com/cdn/test-root/2.2.2/test-root.browser.js?clientCacheRevision=123\\" integrity=\\"test-root-abc-123-browser\\" crossorigin=\\"anonymous\\"></script><script src=\\"https://example.com/cdn/a/2.1.0/a.browser.js?clientCacheRevision=123\\" integrity=\\"a-abc-123-browser\\" crossorigin=\\"anonymous\\"></script><script src=\\"https://example.com/cdn/b/1.2.2/b.browser.js?clientCacheRevision=123\\" integrity=\\"b-abc-123-browser\\" crossorigin=\\"anonymous\\"></script><script src=\\"https://example.com/cdn/c/0.1.2/c.browser.js?clientCacheRevision=123\\" integrity=\\"c-abc-123-browser\\" crossorigin=\\"anonymous\\"></script><script src=\\"/_/static/app/1.2.3-rc.4-abc123/app.js\\" integrity=\\"123\\" crossorigin=\\"anonymous\\"></script></body></html>"`;

exports[`renderHtmlDocument does not render scripts if \`rendering.disableScripts\` is active 1`] = `"<!DOCTYPE html><html lang=\\"en-US\\"><head><title>One App</title><link rel=\\"stylesheet\\"><link rel=\\"favicon\\"><style>.class{position: relative;}</style><style class=\\"ssr-css\\">.class { background: red; }</style><style class=\\"ssr-css\\">.class { background: red; }</style><style class=\\"ssr-css\\">.class { background: red; }</style><style class=\\"ssr-css\\">.class { background: red; }</style></head><body><div id=\\"root\\"></div></body></html>"`;

exports[`renderHtmlDocument does not render styles if \`rendering.disableStyles\` is active 1`] = `"<!DOCTYPE html><html lang=\\"en-US\\"><head><title>One App</title><link rel=\\"favicon\\"></head><body><div id=\\"root\\"></div><script id=\\"initial-state\\">window.__render_mode__ = 'hydrate';window.__webpack_public_path__ = '/_/static/app/1.2.3-rc.4-abc123/';window.__holocron_module_bundle_type__ = 'browser';window.__CLIENT_HOLOCRON_MODULE_MAP__ = {\\"modules\\":{\\"test-root\\":{\\"baseUrl\\":\\"https://example.com/cdn/test-root/2.2.2/\\",\\"browser\\":{\\"url\\":\\"https://example.com/cdn/test-root/2.2.2/test-root.browser.js\\",\\"integrity\\":\\"test-root-abc-123-browser\\"}},\\"a\\":{\\"baseUrl\\":\\"https://example.com/cdn/a/2.1.0/\\",\\"browser\\":{\\"url\\":\\"https://example.com/cdn/a/2.1.0/a.browser.js\\",\\"integrity\\":\\"a-abc-123-browser\\"}},\\"b\\":{\\"baseUrl\\":\\"https://example.com/cdn/b/1.2.2/\\",\\"browser\\":{\\"url\\":\\"https://example.com/cdn/b/1.2.2/b.browser.js\\",\\"integrity\\":\\"b-abc-123-browser\\"}},\\"c\\":{\\"baseUrl\\":\\"https://example.com/cdn/c/0.1.2/\\",\\"browser\\":{\\"url\\":\\"https://example.com/cdn/c/0.1.2/c.browser.js\\",\\"integrity\\":\\"c-abc-123-browser\\"}}},\\"clientCacheRevision\\":\\"123\\"};window.__INITIAL_STATE__ = \\"[\\\\\\"~#iM\\\\\\",[\\\\\\"config\\\\\\",[\\\\\\"^0\\\\\\",[\\\\\\"rootModuleName\\\\\\",\\\\\\"test-root\\\\\\",\\\\\\"cdnUrl\\\\\\",\\\\\\"/_/static\\\\\\"]],\\\\\\"intl\\\\\\",[\\\\\\"^0\\\\\\",[\\\\\\"activeLocale\\\\\\",\\\\\\"en-US\\\\\\"]],\\\\\\"holocron\\\\\\",[\\\\\\"^0\\\\\\",[\\\\\\"loaded\\\\\\",[\\\\\\"~#iL\\\\\\",[\\\\\\"test-root\\\\\\",\\\\\\"a\\\\\\",\\\\\\"b\\\\\\",\\\\\\"c\\\\\\"]]]],\\\\\\"rendering\\\\\\",[\\\\\\"^0\\\\\\",[\\\\\\"disableStyles\\\\\\",true,\\\\\\"disableScripts\\\\\\",false]]]]\\";</script><script src=\\"/_/static/app/1.2.3-rc.4-abc123/runtime.js\\" integrity=\\"789\\" crossorigin=\\"anonymous\\"></script><script src=\\"/_/static/app/1.2.3-rc.4-abc123/vendors.js\\" integrity=\\"101112\\" crossorigin=\\"anonymous\\"></script><script src=\\"/_/static/app/1.2.3-rc.4-abc123/app~vendors.js\\" integrity=\\"456\\" crossorigin=\\"anonymous\\"></script><script src=\\"/_/static/app/1.2.3-rc.4-abc123/i18n/en-US.js\\" crossorigin=\\"anonymous\\"></script><script src=\\"https://example.com/cdn/test-root/2.2.2/test-root.browser.js?clientCacheRevision=123\\" integrity=\\"test-root-abc-123-browser\\" crossorigin=\\"anonymous\\"></script><script src=\\"https://example.com/cdn/a/2.1.0/a.browser.js?clientCacheRevision=123\\" integrity=\\"a-abc-123-browser\\" crossorigin=\\"anonymous\\"></script><script src=\\"https://example.com/cdn/b/1.2.2/b.browser.js?clientCacheRevision=123\\" integrity=\\"b-abc-123-browser\\" crossorigin=\\"anonymous\\"></script><script src=\\"https://example.com/cdn/c/0.1.2/c.browser.js?clientCacheRevision=123\\" integrity=\\"c-abc-123-browser\\" crossorigin=\\"anonymous\\"></script><script src=\\"/_/static/app/1.2.3-rc.4-abc123/app.js\\" integrity=\\"123\\" crossorigin=\\"anonymous\\"></script></body></html>"`;

exports[`renderHtmlDocument fails without the store 1`] = `"<!DOCTYPE html><html lang=\\"en-US\\"><head><title>One App</title><style class=\\"ssr-css\\">.class { background: red; }</style><style class=\\"ssr-css\\">.class { background: red; }</style><style class=\\"ssr-css\\">.class { background: red; }</style><style class=\\"ssr-css\\">.class { background: red; }</style></head><body><div id=\\"root\\"></div><script id=\\"initial-state\\">window.__render_mode__ = 'hydrate';window.__webpack_public_path__ = '/_/static/app/1.2.3-rc.4-abc123/';window.__holocron_module_bundle_type__ = 'browser';window.__CLIENT_HOLOCRON_MODULE_MAP__ = {\\"modules\\":{\\"test-root\\":{\\"baseUrl\\":\\"https://example.com/cdn/test-root/2.2.2/\\",\\"browser\\":{\\"url\\":\\"https://example.com/cdn/test-root/2.2.2/test-root.browser.js\\",\\"integrity\\":\\"test-root-abc-123-browser\\"}},\\"a\\":{\\"baseUrl\\":\\"https://example.com/cdn/a/2.1.0/\\",\\"browser\\":{\\"url\\":\\"https://example.com/cdn/a/2.1.0/a.browser.js\\",\\"integrity\\":\\"a-abc-123-browser\\"}},\\"b\\":{\\"baseUrl\\":\\"https://example.com/cdn/b/1.2.2/\\",\\"browser\\":{\\"url\\":\\"https://example.com/cdn/b/1.2.2/b.browser.js\\",\\"integrity\\":\\"b-abc-123-browser\\"}},\\"c\\":{\\"baseUrl\\":\\"https://example.com/cdn/c/0.1.2/\\",\\"browser\\":{\\"url\\":\\"https://example.com/cdn/c/0.1.2/c.browser.js\\",\\"integrity\\":\\"c-abc-123-browser\\"}}},\\"clientCacheRevision\\":\\"123\\"};window.__INITIAL_STATE__ = \\"[\\\\\\"~#iM\\\\\\",[\\\\\\"config\\\\\\",[\\\\\\"^0\\\\\\",[\\\\\\"rootModuleName\\\\\\",\\\\\\"test-root\\\\\\",\\\\\\"cdnUrl\\\\\\",\\\\\\"/_/static\\\\\\"]],\\\\\\"intl\\\\\\",[\\\\\\"^0\\\\\\",[\\\\\\"activeLocale\\\\\\",\\\\\\"en-US\\\\\\"]],\\\\\\"holocron\\\\\\",[\\\\\\"^0\\\\\\",[\\\\\\"loaded\\\\\\",[\\\\\\"~#iL\\\\\\",[\\\\\\"test-root\\\\\\",\\\\\\"a\\\\\\",\\\\\\"b\\\\\\",\\\\\\"c\\\\\\"]]]],\\\\\\"rendering\\\\\\",[\\\\\\"^0\\\\\\",[\\\\\\"disableStyles\\\\\\",false,\\\\\\"disableScripts\\\\\\",false]]]]\\";</script><script src=\\"/_/static/app/1.2.3-rc.4-abc123/runtime.js\\" integrity=\\"789\\" crossorigin=\\"anonymous\\"></script><script src=\\"/_/static/app/1.2.3-rc.4-abc123/vendors.js\\" integrity=\\"101112\\" crossorigin=\\"anonymous\\"></script><script src=\\"/_/static/app/1.2.3-rc.4-abc123/app~vendors.js\\" integrity=\\"456\\" crossorigin=\\"anonymous\\"></script><script src=\\"/_/static/app/1.2.3-rc.4-abc123/i18n/en-US.js\\" crossorigin=\\"anonymous\\"></script><script src=\\"https://example.com/cdn/test-root/2.2.2/test-root.browser.js?clientCacheRevision=123\\" integrity=\\"test-root-abc-123-browser\\" crossorigin=\\"anonymous\\"></script><script src=\\"https://example.com/cdn/a/2.1.0/a.browser.js?clientCacheRevision=123\\" integrity=\\"a-abc-123-browser\\" crossorigin=\\"anonymous\\"></script><script src=\\"https://example.com/cdn/b/1.2.2/b.browser.js?clientCacheRevision=123\\" integrity=\\"b-abc-123-browser\\" crossorigin=\\"anonymous\\"></script><script src=\\"https://example.com/cdn/c/0.1.2/c.browser.js?clientCacheRevision=123\\" integrity=\\"c-abc-123-browser\\" crossorigin=\\"anonymous\\"></script><script src=\\"/_/static/app/1.2.3-rc.4-abc123/app.js\\" integrity=\\"123\\" crossorigin=\\"anonymous\\"></script></body></html>"`;

exports[`renderHtmlDocument renders html document in development - does not include integrity on script tags (and pretty prints) 1`] = `
"<!DOCTYPE html><html lang=\\"en-US\\"><head><title>One App</title><style class=\\"ssr-css\\">.class { background: red; }</style><style class=\\"ssr-css\\">.class { background: red; }</style><style class=\\"ssr-css\\">.class { background: red; }</style><style class=\\"ssr-css\\">.class { background: red; }</style></head><body><div id=\\"root\\"></div><script id=\\"initial-state\\">
	window.__render_mode__ = 'hydrate';
	window.__webpack_public_path__ = '/_/static/app/1.2.3-rc.4-abc123/';
	window.__holocron_module_bundle_type__ = 'browser';
	window.__CLIENT_HOLOCRON_MODULE_MAP__ = {\\"modules\\":{\\"test-root\\":{\\"baseUrl\\":\\"https://example.com/cdn/test-root/2.2.2/\\",\\"browser\\":{\\"url\\":\\"https://example.com/cdn/test-root/2.2.2/test-root.browser.js\\",\\"integrity\\":\\"test-root-abc-123-browser\\"}},\\"a\\":{\\"baseUrl\\":\\"https://example.com/cdn/a/2.1.0/\\",\\"browser\\":{\\"url\\":\\"https://example.com/cdn/a/2.1.0/a.browser.js\\",\\"integrity\\":\\"a-abc-123-browser\\"}},\\"b\\":{\\"baseUrl\\":\\"https://example.com/cdn/b/1.2.2/\\",\\"browser\\":{\\"url\\":\\"https://example.com/cdn/b/1.2.2/b.browser.js\\",\\"integrity\\":\\"b-abc-123-browser\\"}},\\"c\\":{\\"baseUrl\\":\\"https://example.com/cdn/c/0.1.2/\\",\\"browser\\":{\\"url\\":\\"https://example.com/cdn/c/0.1.2/c.browser.js\\",\\"integrity\\":\\"c-abc-123-browser\\"}}},\\"clientCacheRevision\\":\\"123\\"};
	window.__INITIAL_STATE__ = \\"[\\\\\\"~#iM\\\\\\",[\\\\\\"config\\\\\\",[\\\\\\"^0\\\\\\",[\\\\\\"rootModuleName\\\\\\",\\\\\\"test-root\\\\\\",\\\\\\"cdnUrl\\\\\\",\\\\\\"/_/static\\\\\\"]],\\\\\\"intl\\\\\\",[\\\\\\"^0\\\\\\",[\\\\\\"activeLocale\\\\\\",\\\\\\"en-US\\\\\\"]],\\\\\\"holocron\\\\\\",[\\\\\\"^0\\\\\\",[\\\\\\"loaded\\\\\\",[\\\\\\"~#iL\\\\\\",[\\\\\\"test-root\\\\\\",\\\\\\"a\\\\\\",\\\\\\"b\\\\\\",\\\\\\"c\\\\\\"]]]],\\\\\\"rendering\\\\\\",[\\\\\\"^0\\\\\\",[\\\\\\"disableStyles\\\\\\",false,\\\\\\"disableScripts\\\\\\",false]]]]\\";
</script><script src=\\"/_/static/app/1.2.3-rc.4-abc123/runtime.js\\" crossorigin=\\"anonymous\\"></script>
<script src=\\"/_/static/app/1.2.3-rc.4-abc123/vendors.js\\" crossorigin=\\"anonymous\\"></script>
<script src=\\"/_/static/app/1.2.3-rc.4-abc123/app~vendors.js\\" crossorigin=\\"anonymous\\"></script>
<script src=\\"/_/static/app/1.2.3-rc.4-abc123/i18n/en-US.js\\" crossorigin=\\"anonymous\\"></script>
<script src=\\"https://example.com/cdn/test-root/2.2.2/test-root.browser.js?clientCacheRevision=123\\" crossorigin=\\"anonymous\\"></script>
<script src=\\"https://example.com/cdn/a/2.1.0/a.browser.js?clientCacheRevision=123\\" crossorigin=\\"anonymous\\"></script>
<script src=\\"https://example.com/cdn/b/1.2.2/b.browser.js?clientCacheRevision=123\\" crossorigin=\\"anonymous\\"></script>
<script src=\\"https://example.com/cdn/c/0.1.2/c.browser.js?clientCacheRevision=123\\" crossorigin=\\"anonymous\\"></script>
<script src=\\"/_/static/app/1.2.3-rc.4-abc123/app.js\\" crossorigin=\\"anonymous\\"></script></body></html>"
`;

exports[`renderHtmlDocument renders html document targeting static client side rendering 1`] = `"<!DOCTYPE html><html lang=\\"en-US\\"><head><title>One App</title><style class=\\"ssr-css\\">.class { background: red; }</style><style class=\\"ssr-css\\">.class { background: red; }</style><style class=\\"ssr-css\\">.class { background: red; }</style><style class=\\"ssr-css\\">.class { background: red; }</style></head><body><div id=\\"root\\"></div><script id=\\"initial-state\\">window.__render_mode__ = 'render';window.__webpack_public_path__ = '/_/static/app/1.2.3-rc.4-abc123/';window.__holocron_module_bundle_type__ = 'browser';window.__CLIENT_HOLOCRON_MODULE_MAP__ = {\\"modules\\":{\\"test-root\\":{\\"baseUrl\\":\\"https://example.com/cdn/test-root/2.2.2/\\",\\"browser\\":{\\"url\\":\\"https://example.com/cdn/test-root/2.2.2/test-root.browser.js\\",\\"integrity\\":\\"test-root-abc-123-browser\\"}},\\"a\\":{\\"baseUrl\\":\\"https://example.com/cdn/a/2.1.0/\\",\\"browser\\":{\\"url\\":\\"https://example.com/cdn/a/2.1.0/a.browser.js\\",\\"integrity\\":\\"a-abc-123-browser\\"}},\\"b\\":{\\"baseUrl\\":\\"https://example.com/cdn/b/1.2.2/\\",\\"browser\\":{\\"url\\":\\"https://example.com/cdn/b/1.2.2/b.browser.js\\",\\"integrity\\":\\"b-abc-123-browser\\"}},\\"c\\":{\\"baseUrl\\":\\"https://example.com/cdn/c/0.1.2/\\",\\"browser\\":{\\"url\\":\\"https://example.com/cdn/c/0.1.2/c.browser.js\\",\\"integrity\\":\\"c-abc-123-browser\\"}}},\\"clientCacheRevision\\":\\"123\\"};window.__INITIAL_STATE__ = \\"[\\\\\\"~#iM\\\\\\",[\\\\\\"config\\\\\\",[\\\\\\"^0\\\\\\",[\\\\\\"rootModuleName\\\\\\",\\\\\\"test-root\\\\\\",\\\\\\"cdnUrl\\\\\\",\\\\\\"/_/static\\\\\\"]],\\\\\\"intl\\\\\\",[\\\\\\"^0\\\\\\",[\\\\\\"activeLocale\\\\\\",\\\\\\"en-US\\\\\\"]],\\\\\\"holocron\\\\\\",[\\\\\\"^0\\\\\\",[\\\\\\"loaded\\\\\\",[\\\\\\"~#iL\\\\\\",[\\\\\\"test-root\\\\\\",\\\\\\"a\\\\\\",\\\\\\"b\\\\\\",\\\\\\"c\\\\\\"]]]],\\\\\\"rendering\\\\\\",[\\\\\\"^0\\\\\\",[\\\\\\"disableStyles\\\\\\",false,\\\\\\"disableScripts\\\\\\",false]]]]\\";</script><script src=\\"/_/static/app/1.2.3-rc.4-abc123/runtime.js\\" integrity=\\"789\\" crossorigin=\\"anonymous\\"></script><script src=\\"/_/static/app/1.2.3-rc.4-abc123/vendors.js\\" integrity=\\"101112\\" crossorigin=\\"anonymous\\"></script><script src=\\"/_/static/app/1.2.3-rc.4-abc123/app~vendors.js\\" integrity=\\"456\\" crossorigin=\\"anonymous\\"></script><script src=\\"/_/static/app/1.2.3-rc.4-abc123/i18n/en-US.js\\" crossorigin=\\"anonymous\\"></script><script src=\\"https://example.com/cdn/test-root/2.2.2/test-root.browser.js?clientCacheRevision=123\\" integrity=\\"test-root-abc-123-browser\\" crossorigin=\\"anonymous\\"></script><script src=\\"https://example.com/cdn/a/2.1.0/a.browser.js?clientCacheRevision=123\\" integrity=\\"a-abc-123-browser\\" crossorigin=\\"anonymous\\"></script><script src=\\"https://example.com/cdn/b/1.2.2/b.browser.js?clientCacheRevision=123\\" integrity=\\"b-abc-123-browser\\" crossorigin=\\"anonymous\\"></script><script src=\\"https://example.com/cdn/c/0.1.2/c.browser.js?clientCacheRevision=123\\" integrity=\\"c-abc-123-browser\\" crossorigin=\\"anonymous\\"></script><script src=\\"/_/static/app/1.2.3-rc.4-abc123/app.js\\" integrity=\\"123\\" crossorigin=\\"anonymous\\"></script></body></html>"`;

exports[`renderHtmlDocument renders html document using \`scriptNonce\` with "initial-state" 1`] = `"<!DOCTYPE html><html lang=\\"en-US\\"><head><title>One App</title><style class=\\"ssr-css\\">.class { background: red; }</style><style class=\\"ssr-css\\">.class { background: red; }</style><style class=\\"ssr-css\\">.class { background: red; }</style><style class=\\"ssr-css\\">.class { background: red; }</style></head><body><div id=\\"root\\"></div><script id=\\"initial-state\\" nonce=\\"19219fb1-8768-4ffa-983c-742b3608589b\\">window.__render_mode__ = 'hydrate';window.__webpack_public_path__ = '/_/static/app/1.2.3-rc.4-abc123/';window.__holocron_module_bundle_type__ = 'browser';window.__CLIENT_HOLOCRON_MODULE_MAP__ = {\\"modules\\":{\\"test-root\\":{\\"baseUrl\\":\\"https://example.com/cdn/test-root/2.2.2/\\",\\"browser\\":{\\"url\\":\\"https://example.com/cdn/test-root/2.2.2/test-root.browser.js\\",\\"integrity\\":\\"test-root-abc-123-browser\\"}},\\"a\\":{\\"baseUrl\\":\\"https://example.com/cdn/a/2.1.0/\\",\\"browser\\":{\\"url\\":\\"https://example.com/cdn/a/2.1.0/a.browser.js\\",\\"integrity\\":\\"a-abc-123-browser\\"}},\\"b\\":{\\"baseUrl\\":\\"https://example.com/cdn/b/1.2.2/\\",\\"browser\\":{\\"url\\":\\"https://example.com/cdn/b/1.2.2/b.browser.js\\",\\"integrity\\":\\"b-abc-123-browser\\"}},\\"c\\":{\\"baseUrl\\":\\"https://example.com/cdn/c/0.1.2/\\",\\"browser\\":{\\"url\\":\\"https://example.com/cdn/c/0.1.2/c.browser.js\\",\\"integrity\\":\\"c-abc-123-browser\\"}}},\\"clientCacheRevision\\":\\"123\\"};window.__INITIAL_STATE__ = \\"[\\\\\\"~#iM\\\\\\",[\\\\\\"config\\\\\\",[\\\\\\"^0\\\\\\",[\\\\\\"rootModuleName\\\\\\",\\\\\\"test-root\\\\\\",\\\\\\"cdnUrl\\\\\\",\\\\\\"/_/static\\\\\\"]],\\\\\\"intl\\\\\\",[\\\\\\"^0\\\\\\",[\\\\\\"activeLocale\\\\\\",\\\\\\"en-US\\\\\\"]],\\\\\\"holocron\\\\\\",[\\\\\\"^0\\\\\\",[\\\\\\"loaded\\\\\\",[\\\\\\"~#iL\\\\\\",[\\\\\\"test-root\\\\\\",\\\\\\"a\\\\\\",\\\\\\"b\\\\\\",\\\\\\"c\\\\\\"]]]],\\\\\\"rendering\\\\\\",[\\\\\\"^0\\\\\\",[\\\\\\"disableStyles\\\\\\",false,\\\\\\"disableScripts\\\\\\",false]]]]\\";</script><script src=\\"/_/static/app/1.2.3-rc.4-abc123/runtime.js\\" integrity=\\"789\\" crossorigin=\\"anonymous\\"></script><script src=\\"/_/static/app/1.2.3-rc.4-abc123/vendors.js\\" integrity=\\"101112\\" crossorigin=\\"anonymous\\"></script><script src=\\"/_/static/app/1.2.3-rc.4-abc123/app~vendors.js\\" integrity=\\"456\\" crossorigin=\\"anonymous\\"></script><script src=\\"/_/static/app/1.2.3-rc.4-abc123/i18n/en-US.js\\" crossorigin=\\"anonymous\\"></script><script src=\\"https://example.com/cdn/test-root/2.2.2/test-root.browser.js?clientCacheRevision=123\\" integrity=\\"test-root-abc-123-browser\\" crossorigin=\\"anonymous\\"></script><script src=\\"https://example.com/cdn/a/2.1.0/a.browser.js?clientCacheRevision=123\\" integrity=\\"a-abc-123-browser\\" crossorigin=\\"anonymous\\"></script><script src=\\"https://example.com/cdn/b/1.2.2/b.browser.js?clientCacheRevision=123\\" integrity=\\"b-abc-123-browser\\" crossorigin=\\"anonymous\\"></script><script src=\\"https://example.com/cdn/c/0.1.2/c.browser.js?clientCacheRevision=123\\" integrity=\\"c-abc-123-browser\\" crossorigin=\\"anonymous\\"></script><script src=\\"/_/static/app/1.2.3-rc.4-abc123/app.js\\" integrity=\\"123\\" crossorigin=\\"anonymous\\"></script></body></html>"`;

exports[`renderHtmlDocument renders html document using legacy \`bundleType\` 1`] = `"<!DOCTYPE html><html lang=\\"en-US\\"><head><title>One App</title><style class=\\"ssr-css\\">.class { background: red; }</style><style class=\\"ssr-css\\">.class { background: red; }</style><style class=\\"ssr-css\\">.class { background: red; }</style><style class=\\"ssr-css\\">.class { background: red; }</style></head><body><div id=\\"root\\"></div><script id=\\"initial-state\\">window.__render_mode__ = 'hydrate';window.__webpack_public_path__ = '/_/static/app/1.2.3-rc.4-abc123/';window.__holocron_module_bundle_type__ = 'legacyBrowser';window.__CLIENT_HOLOCRON_MODULE_MAP__ = {\\"modules\\":{\\"test-root\\":{\\"baseUrl\\":\\"https://example.com/cdn/test-root/2.2.2/\\",\\"legacyBrowser\\":{\\"url\\":\\"https://example.com/cdn/test-root/2.2.2/test-root.legacy.browser.js\\",\\"integrity\\":\\"test-root-abc-123-legacy\\"}},\\"a\\":{\\"baseUrl\\":\\"https://example.com/cdn/a/2.1.0/\\",\\"legacyBrowser\\":{\\"url\\":\\"https://example.com/cdn/a/2.1.0/a.legacy.browser.js\\",\\"integrity\\":\\"a-abc-123-legacy\\"}},\\"b\\":{\\"baseUrl\\":\\"https://example.com/cdn/b/1.2.2/\\",\\"legacyBrowser\\":{\\"url\\":\\"https://example.com/cdn/b/1.2.2/b.legacy.browser.js\\",\\"integrity\\":\\"b-abc-123-legacy\\"}},\\"c\\":{\\"baseUrl\\":\\"https://example.com/cdn/c/0.1.2/\\",\\"legacyBrowser\\":{\\"url\\":\\"https://example.com/cdn/c/0.1.2/c.legacy.browser.js\\",\\"integrity\\":\\"c-abc-123-legacy\\"}}},\\"clientCacheRevision\\":\\"123\\"};window.__INITIAL_STATE__ = \\"[\\\\\\"~#iM\\\\\\",[\\\\\\"config\\\\\\",[\\\\\\"^0\\\\\\",[\\\\\\"rootModuleName\\\\\\",\\\\\\"test-root\\\\\\",\\\\\\"cdnUrl\\\\\\",\\\\\\"/_/static\\\\\\"]],\\\\\\"intl\\\\\\",[\\\\\\"^0\\\\\\",[\\\\\\"activeLocale\\\\\\",\\\\\\"en-US\\\\\\"]],\\\\\\"holocron\\\\\\",[\\\\\\"^0\\\\\\",[\\\\\\"loaded\\\\\\",[\\\\\\"~#iL\\\\\\",[\\\\\\"test-root\\\\\\",\\\\\\"a\\\\\\",\\\\\\"b\\\\\\",\\\\\\"c\\\\\\"]]]],\\\\\\"rendering\\\\\\",[\\\\\\"^0\\\\\\",[\\\\\\"disableStyles\\\\\\",false,\\\\\\"disableScripts\\\\\\",false]]]]\\";</script><script src=\\"/_/static/app/1.2.3-rc.4-abc123/legacy/runtime.js\\" integrity=\\"ghi\\" crossorigin=\\"anonymous\\"></script><script src=\\"/_/static/app/1.2.3-rc.4-abc123/legacy/vendors.js\\" integrity=\\"jkl\\" crossorigin=\\"anonymous\\"></script><script src=\\"/_/static/app/1.2.3-rc.4-abc123/legacy/app~vendors.js\\" integrity=\\"def\\" crossorigin=\\"anonymous\\"></script><script src=\\"/_/static/app/1.2.3-rc.4-abc123/legacy/i18n/en-US.js\\" crossorigin=\\"anonymous\\"></script><script src=\\"https://example.com/cdn/test-root/2.2.2/test-root.legacy.browser.js?clientCacheRevision=123\\" integrity=\\"test-root-abc-123-legacy\\" crossorigin=\\"anonymous\\"></script><script src=\\"https://example.com/cdn/a/2.1.0/a.legacy.browser.js?clientCacheRevision=123\\" integrity=\\"a-abc-123-legacy\\" crossorigin=\\"anonymous\\"></script><script src=\\"https://example.com/cdn/b/1.2.2/b.legacy.browser.js?clientCacheRevision=123\\" integrity=\\"b-abc-123-legacy\\" crossorigin=\\"anonymous\\"></script><script src=\\"https://example.com/cdn/c/0.1.2/c.legacy.browser.js?clientCacheRevision=123\\" integrity=\\"c-abc-123-legacy\\" crossorigin=\\"anonymous\\"></script><script src=\\"/_/static/app/1.2.3-rc.4-abc123/legacy/app.js\\" integrity=\\"abc\\" crossorigin=\\"anonymous\\"></script></body></html>"`;

exports[`renderHtmlDocument renders html document with \`appHtml\` and \`clientInitialState\` values 1`] = `"<!DOCTYPE html><html lang=\\"fr-CA\\"><head><title>One App</title><style class=\\"ssr-css\\">.class { background: red; }</style><style class=\\"ssr-css\\">.class { background: red; }</style><style class=\\"ssr-css\\">.class { background: red; }</style><style class=\\"ssr-css\\">.class { background: red; }</style></head><body><div id=\\"root\\"><p>Salut!</p></div><script id=\\"initial-state\\">window.__render_mode__ = 'hydrate';window.__webpack_public_path__ = '/_/static/app/1.2.3-rc.4-abc123/';window.__holocron_module_bundle_type__ = 'browser';window.__CLIENT_HOLOCRON_MODULE_MAP__ = {\\"modules\\":{\\"test-root\\":{\\"baseUrl\\":\\"https://example.com/cdn/test-root/2.2.2/\\",\\"browser\\":{\\"url\\":\\"https://example.com/cdn/test-root/2.2.2/test-root.browser.js\\",\\"integrity\\":\\"test-root-abc-123-browser\\"}},\\"a\\":{\\"baseUrl\\":\\"https://example.com/cdn/a/2.1.0/\\",\\"browser\\":{\\"url\\":\\"https://example.com/cdn/a/2.1.0/a.browser.js\\",\\"integrity\\":\\"a-abc-123-browser\\"}},\\"b\\":{\\"baseUrl\\":\\"https://example.com/cdn/b/1.2.2/\\",\\"browser\\":{\\"url\\":\\"https://example.com/cdn/b/1.2.2/b.browser.js\\",\\"integrity\\":\\"b-abc-123-browser\\"}},\\"c\\":{\\"baseUrl\\":\\"https://example.com/cdn/c/0.1.2/\\",\\"browser\\":{\\"url\\":\\"https://example.com/cdn/c/0.1.2/c.browser.js\\",\\"integrity\\":\\"c-abc-123-browser\\"}}},\\"clientCacheRevision\\":\\"123\\"};window.__INITIAL_STATE__ = \\"[\\\\\\"~#iM\\\\\\",[\\\\\\"config\\\\\\",[\\\\\\"^0\\\\\\",[\\\\\\"rootModuleName\\\\\\",\\\\\\"test-root\\\\\\",\\\\\\"cdnUrl\\\\\\",\\\\\\"/_/static\\\\\\"]],\\\\\\"intl\\\\\\",[\\\\\\"^0\\\\\\",[\\\\\\"activeLocale\\\\\\",\\\\\\"fr-CA\\\\\\"]],\\\\\\"holocron\\\\\\",[\\\\\\"^0\\\\\\",[\\\\\\"loaded\\\\\\",[\\\\\\"~#iL\\\\\\",[\\\\\\"test-root\\\\\\",\\\\\\"a\\\\\\",\\\\\\"b\\\\\\",\\\\\\"c\\\\\\"]]]],\\\\\\"rendering\\\\\\",[\\\\\\"^0\\\\\\",[\\\\\\"disableStyles\\\\\\",false,\\\\\\"disableScripts\\\\\\",false]]]]\\";</script><script src=\\"/_/static/app/1.2.3-rc.4-abc123/runtime.js\\" integrity=\\"789\\" crossorigin=\\"anonymous\\"></script><script src=\\"/_/static/app/1.2.3-rc.4-abc123/vendors.js\\" integrity=\\"101112\\" crossorigin=\\"anonymous\\"></script><script src=\\"/_/static/app/1.2.3-rc.4-abc123/app~vendors.js\\" integrity=\\"456\\" crossorigin=\\"anonymous\\"></script><script src=\\"/_/static/app/1.2.3-rc.4-abc123/i18n/fr-CA.js\\" crossorigin=\\"anonymous\\"></script><script src=\\"https://example.com/cdn/test-root/2.2.2/test-root.browser.js?clientCacheRevision=123\\" integrity=\\"test-root-abc-123-browser\\" crossorigin=\\"anonymous\\"></script><script src=\\"https://example.com/cdn/a/2.1.0/a.browser.js?clientCacheRevision=123\\" integrity=\\"a-abc-123-browser\\" crossorigin=\\"anonymous\\"></script><script src=\\"https://example.com/cdn/b/1.2.2/b.browser.js?clientCacheRevision=123\\" integrity=\\"b-abc-123-browser\\" crossorigin=\\"anonymous\\"></script><script src=\\"https://example.com/cdn/c/0.1.2/c.browser.js?clientCacheRevision=123\\" integrity=\\"c-abc-123-browser\\" crossorigin=\\"anonymous\\"></script><script src=\\"/_/static/app/1.2.3-rc.4-abc123/app.js\\" integrity=\\"123\\" crossorigin=\\"anonymous\\"></script></body></html>"`;

exports[`renderHtmlDocument renders html document with \`helmetInfo\` 1`] = `"<!DOCTYPE html><html lang=\\"en-US\\" htmlAttributes><head><title>My App Title</title><base><meta><link rel=\\"stylesheet\\" /><link rel=\\"icon\\" href=\\"favicon.ico\\" /><style>.style</style><style class=\\"ssr-css\\">.class { background: red; }</style><style class=\\"ssr-css\\">.class { background: red; }</style><style class=\\"ssr-css\\">.class { background: red; }</style><style class=\\"ssr-css\\">.class { background: red; }</style></head><body bodyAttributes><div id=\\"root\\"></div><script id=\\"initial-state\\">window.__render_mode__ = 'hydrate';window.__webpack_public_path__ = '/_/static/app/1.2.3-rc.4-abc123/';window.__holocron_module_bundle_type__ = 'browser';window.__CLIENT_HOLOCRON_MODULE_MAP__ = {\\"modules\\":{\\"test-root\\":{\\"baseUrl\\":\\"https://example.com/cdn/test-root/2.2.2/\\",\\"browser\\":{\\"url\\":\\"https://example.com/cdn/test-root/2.2.2/test-root.browser.js\\",\\"integrity\\":\\"test-root-abc-123-browser\\"}},\\"a\\":{\\"baseUrl\\":\\"https://example.com/cdn/a/2.1.0/\\",\\"browser\\":{\\"url\\":\\"https://example.com/cdn/a/2.1.0/a.browser.js\\",\\"integrity\\":\\"a-abc-123-browser\\"}},\\"b\\":{\\"baseUrl\\":\\"https://example.com/cdn/b/1.2.2/\\",\\"browser\\":{\\"url\\":\\"https://example.com/cdn/b/1.2.2/b.browser.js\\",\\"integrity\\":\\"b-abc-123-browser\\"}},\\"c\\":{\\"baseUrl\\":\\"https://example.com/cdn/c/0.1.2/\\",\\"browser\\":{\\"url\\":\\"https://example.com/cdn/c/0.1.2/c.browser.js\\",\\"integrity\\":\\"c-abc-123-browser\\"}}},\\"clientCacheRevision\\":\\"123\\"};window.__INITIAL_STATE__ = \\"[\\\\\\"~#iM\\\\\\",[\\\\\\"config\\\\\\",[\\\\\\"^0\\\\\\",[\\\\\\"rootModuleName\\\\\\",\\\\\\"test-root\\\\\\",\\\\\\"cdnUrl\\\\\\",\\\\\\"/_/static\\\\\\"]],\\\\\\"intl\\\\\\",[\\\\\\"^0\\\\\\",[\\\\\\"activeLocale\\\\\\",\\\\\\"en-US\\\\\\"]],\\\\\\"holocron\\\\\\",[\\\\\\"^0\\\\\\",[\\\\\\"loaded\\\\\\",[\\\\\\"~#iL\\\\\\",[\\\\\\"test-root\\\\\\",\\\\\\"a\\\\\\",\\\\\\"b\\\\\\",\\\\\\"c\\\\\\"]]]],\\\\\\"rendering\\\\\\",[\\\\\\"^0\\\\\\",[\\\\\\"disableStyles\\\\\\",false,\\\\\\"disableScripts\\\\\\",false]]]]\\";</script><script src=\\"/_/static/app/1.2.3-rc.4-abc123/runtime.js\\" integrity=\\"789\\" crossorigin=\\"anonymous\\"></script><script src=\\"/_/static/app/1.2.3-rc.4-abc123/vendors.js\\" integrity=\\"101112\\" crossorigin=\\"anonymous\\"></script><script src=\\"/_/static/app/1.2.3-rc.4-abc123/app~vendors.js\\" integrity=\\"456\\" crossorigin=\\"anonymous\\"></script><script src=\\"/_/static/app/1.2.3-rc.4-abc123/i18n/en-US.js\\" crossorigin=\\"anonymous\\"></script><script src=\\"https://example.com/cdn/test-root/2.2.2/test-root.browser.js?clientCacheRevision=123\\" integrity=\\"test-root-abc-123-browser\\" crossorigin=\\"anonymous\\"></script><script src=\\"https://example.com/cdn/a/2.1.0/a.browser.js?clientCacheRevision=123\\" integrity=\\"a-abc-123-browser\\" crossorigin=\\"anonymous\\"></script><script src=\\"https://example.com/cdn/b/1.2.2/b.browser.js?clientCacheRevision=123\\" integrity=\\"b-abc-123-browser\\" crossorigin=\\"anonymous\\"></script><script src=\\"https://example.com/cdn/c/0.1.2/c.browser.js?clientCacheRevision=123\\" integrity=\\"c-abc-123-browser\\" crossorigin=\\"anonymous\\"></script><script src=\\"/_/static/app/1.2.3-rc.4-abc123/app.js\\" integrity=\\"123\\" crossorigin=\\"anonymous\\"></script><script>/*script*/</script><noscript></body></html>"`;
